[debug] [2025-02-16T20:05:09.253Z] ----------------------------------------------------------------------
[debug] [2025-02-16T20:05:09.256Z] Command:       C:\Program Files\nodejs\node.exe C:\Users\dalla\AppData\Roaming\npm\node_modules\firebase-tools\lib\bin\firebase.js init hosting
[debug] [2025-02-16T20:05:09.256Z] CLI Version:   13.31.1
[debug] [2025-02-16T20:05:09.256Z] Platform:      win32
[debug] [2025-02-16T20:05:09.256Z] Node Version:  v22.13.0
[debug] [2025-02-16T20:05:09.257Z] Time:          Sun Feb 16 2025 14:05:09 GMT-0600 (Central Standard Time)
[debug] [2025-02-16T20:05:09.257Z] ----------------------------------------------------------------------
[debug] 
[debug] [2025-02-16T20:05:09.264Z] > command requires scopes: ["email","openid","https://www.googleapis.com/auth/cloudplatformprojects.readonly","https://www.googleapis.com/auth/firebase","https://www.googleapis.com/auth/cloud-platform"]
[debug] [2025-02-16T20:05:09.264Z] > authorizing via signed-in user (dallas.carlson10@gmail.com)
[info] 
     ######## #### ########  ######## ########     ###     ######  ########
     ##        ##  ##     ## ##       ##     ##  ##   ##  ##       ##
     ######    ##  ########  ######   ########  #########  ######  ######
     ##        ##  ##    ##  ##       ##     ## ##     ##       ## ##
     ##       #### ##     ## ######## ########  ##     ##  ######  ########

You're about to initialize a Firebase project in this directory:

  C:\Users\dalla\OneDrive\Documents\GWOrgWeb\gworgweb

[info] 
=== Project Setup
[info] 
[info] First, let's associate this project directory with a Firebase project.
[info] You can create multiple project aliases by running firebase use --add, 
[info] but for now we'll just set up a default project.
[info] 
[debug] [2025-02-16T20:05:22.380Z] Checked if tokens are valid: true, expires at: 1739739898058
[debug] [2025-02-16T20:05:22.380Z] Checked if tokens are valid: true, expires at: 1739739898058
[debug] [2025-02-16T20:05:22.381Z] >>> [apiv2][query] GET https://firebase.googleapis.com/v1beta1/projects pageSize=100
[debug] [2025-02-16T20:05:22.792Z] <<< [apiv2][status] GET https://firebase.googleapis.com/v1beta1/projects 200
[debug] [2025-02-16T20:05:22.792Z] <<< [apiv2][body] GET https://firebase.googleapis.com/v1beta1/projects [omitted]
[info] i  Using project gworg-b670f (GWOrg) 
[info] 
=== Hosting Setup
[debug] [2025-02-16T20:05:24.962Z] Checked if tokens are valid: true, expires at: 1739739898058
[debug] [2025-02-16T20:05:24.962Z] Checked if tokens are valid: true, expires at: 1739739898058
[debug] [2025-02-16T20:05:24.962Z] >>> [apiv2][query] GET https://firebase.googleapis.com/v1beta1/projects/gworg-b670f [none]
[debug] [2025-02-16T20:05:25.107Z] <<< [apiv2][status] GET https://firebase.googleapis.com/v1beta1/projects/gworg-b670f 200
[debug] [2025-02-16T20:05:25.107Z] <<< [apiv2][body] GET https://firebase.googleapis.com/v1beta1/projects/gworg-b670f {"projectId":"gworg-b670f","projectNumber":"428118256864","displayName":"GWOrg","name":"projects/gworg-b670f","resources":{"hostingSite":"gworg-b670f"},"state":"ACTIVE","etag":"1_bda0a186-4958-4400-a201-e7df5f391357"}
[info] 
[info] Your public directory is the folder (relative to your project directory) that
[info] will contain Hosting assets to be uploaded with firebase deploy. If you
[info] have a build process for your assets, use your build's output directory.
[info] 
[debug] [2025-02-16T20:06:48.283Z] >>> [apiv2][query] GET https://www.gstatic.com/firebasejs/releases.json [none]
[debug] [2025-02-16T20:06:48.478Z] <<< [apiv2][status] GET https://www.gstatic.com/firebasejs/releases.json 200
[debug] [2025-02-16T20:06:48.478Z] <<< [apiv2][body] GET https://www.gstatic.com/firebasejs/releases.json {"current":{"version":"11.3.1","browserURL":"https://www.gstatic.com/firebasejs/11.3.1/firebase.js","packageURL":"https://www.gstatic.com/firebasejs/11.3.1/firebase.tgz"},"live":{"version":"11.3","browserURL":"https://www.gstatic.com/firebasejs/live/11.3/firebase.js","packageURL":"https://www.gstatic.com/firebasejs/live/11.3/firebase.tgz"},"components":{"analytics":"https://www.gstatic.com/firebasejs/11.3.1/firebase-analytics.js","app":"https://www.gstatic.com/firebasejs/11.3.1/firebase-app.js","app-check":"https://www.gstatic.com/firebasejs/11.3.1/firebase-app-check.js","auth":"https://www.gstatic.com/firebasejs/11.3.1/firebase-auth.js","auth/cordova":"https://www.gstatic.com/firebasejs/11.3.1/firebase-auth/cordova.js","auth/web-extension":"https://www.gstatic.com/firebasejs/11.3.1/firebase-auth/web-extension.js","functions":"https://www.gstatic.com/firebasejs/11.3.1/firebase-functions.js","firestore":"https://www.gstatic.com/firebasejs/11.3.1/firebase-firestore.js","firestore/lite":"https://www.gstatic.com/firebasejs/11.3.1/firebase-firestore/lite.js","installations":"https://www.gstatic.com/firebasejs/11.3.1/firebase-installations.js","storage":"https://www.gstatic.com/firebasejs/11.3.1/firebase-storage.js","performance":"https://www.gstatic.com/firebasejs/11.3.1/firebase-performance.js","remote-config":"https://www.gstatic.com/firebasejs/11.3.1/firebase-remote-config.js","messaging":"https://www.gstatic.com/firebasejs/11.3.1/firebase-messaging.js","messaging/sw":"https://www.gstatic.com/firebasejs/11.3.1/firebase-messaging/sw.js","database":"https://www.gstatic.com/firebasejs/11.3.1/firebase-database.js","vertexai":"https://www.gstatic.com/firebasejs/11.3.1/firebase-vertexai.js","data-connect":"https://www.gstatic.com/firebasejs/11.3.1/firebase-data-connect.js","firestore.memory":"https://www.gstatic.com/firebasejs/11.3.1/firebase-firestore.memory.js"}}
[info] i  Skipping write of public/index.html 
[info] 
[info] i  Detected a .git folder at C:\Users\dalla\OneDrive\Documents\GWOrgWeb\gworgweb 
[info] i  Authorizing with GitHub to upload your service account to a GitHub repository's secrets store. 
[info] 
[info] Visit this URL on this device to log in:
[info] https://github.com/login/oauth/authorize?client_id=89cf50f02ac6aaed3484&state=442249410&redirect_uri=http%3A%2F%2Flocalhost%3A9005&scope=read%3Auser%20repo%20public_repo
[info] 
[info] Waiting for authentication...
